Data validation passed.
Wiki-seed validation passed.
meetings:check_all OK
wrote: CS-280/202610/01_2026-01-06-photos (6 photos)
wrote: CS-280/202610/02_2026-01-08-photos (1 photo)
wrote: CS-280/202610/03_2026-01-13-photos (6 photos)
wrote: CS-280/202610/04_2026-01-15-photos (7 photos)
wrote: CS-280/202610/05_2026-01-20-photos (9 photos)
wrote: CS-280/202610/06_2026-01-22-photos (5 photos)
wrote: CS-280/202610/07_2026-01-27-photos (6 photos)
wrote: CS-280/202610/08_2026-01-29-photos (5 photos)
wrote: CS-280/202610/09_2026-02-03-photos (10 photos)
wrote: CS-280/202610/10_2026-02-05-photos (5 photos)
wrote: CS-280/202610/11_2026-02-10-photos (5 photos)
wrote: CS-280/202610/12_2026-02-12-photos (8 photos)
wrote: CS-280/202610/13_2026-02-24-photos (5 photos)
wrote: CS-280/202610/14_2026-02-26-photos (3 photos)
wrote: CS-280/202610/15_2026-03-03-photos (7 photos)
wrote: CS-280/202610/16_2026-03-05-photos (1 photo)
wrote: CS-280/202610/17_2026-03-10-photos (7 photos)
wrote: CS-280/202610/18_2026-03-12-photos (6 photos)
wrote: CS-280/202610/19_2026-03-17-photos (8 photos)
wrote: CS-280/202610/20_2026-03-19-photos (10 photos)
wrote: CS-280/202610/21_2026-03-24-photos (9 photos)
wrote: CS-280/202610/22_2026-03-26-photos (2 photos)
wrote: CS-280/202610/23_2026-03-31-photos (8 photos)
wrote: CS-280/202610/25_2026-04-07-photos (4 photos)
wrote: CS-280/202610/26_2026-04-09-photos (6 photos)
wrote: CS-315/202630/01_2026-09-02-photos (5 photos)
wrote: CS-315/202630/02_2026-09-09-photos (3 photos)
wrote: CS-315/202630/03_2026-09-14-photos (5 photos)
wrote: CS-315/202630/04_2026-09-16-photos (5 photos)
wrote: CS-428/202610/01_2026-01-06-photos (4 photos)
wrote: CS-428/202610/02_2026-01-08-photos (4 photos)
wrote: CS-428/202610/03_2026-01-13-photos (5 photos)
wrote: CS-428/202610/04_2026-01-15-photos (5 photos)
wrote: CS-428/202610/05_2026-01-20-photos (8 photos)
wrote: CS-428/202610/06_2026-01-22-photos (5 photos)
wrote: CS-428/202610/07_2026-01-27-photos (3 photos)
wrote: CS-428/202610/08_2026-01-29-photos (6 photos)
wrote: CS-428/202610/09_2026-02-03-photos (5 photos)
wrote: CS-428/202610/10_2026-02-05-photos (4 photos)
wrote: CS-428/202610/11_2026-02-10-photos (4 photos)
wrote: CS-428/202610/12_2026-02-12-photos (5 photos)
wrote: CS-428/202610/13_2026-02-24-photos (5 photos)
wrote: CS-428/202610/14_2026-02-26-photos (7 photos)
wrote: CS-428/202610/15_2026-03-03-photos (6 photos)
wrote: CS-428/202610/17_2026-03-10-photos (7 photos)
wrote: CS-428/202610/18_2026-03-12-photos (12 photos)
wrote: CS-428/202610/19_2026-03-17-photos (8 photos)
wrote: CS-428/202610/20_2026-03-19-photos (5 photos)
wrote: CS-428/202610/21_2026-03-24-photos (7 photos)
wrote: CS-428/202610/22_2026-03-26-photos (4 photos)
wrote: CS-428/202610/23_2026-03-31-photos (6 photos)
wrote: CS-428/202610/24_2026-04-02-photos (11 photos)
wrote: CS-428/202610/25_2026-04-07-photos (4 photos)
wrote: CS-428/202610/26_2026-04-09-photos (7 photos)
wrote: CS-280/202610/table
wrote: CS-315/202630/table
wrote: CS-428/202610/table
Configuration file: /Users/hepting/Sites/hepting-website/dhhepting-rewrite/_config.yml
           Cleaner: Nothing to do for /Users/hepting/Sites/hepting-website/dhhepting-rewrite/_site.
           Cleaner: Nothing to do for /Users/hepting/Sites/hepting-website/dhhepting-rewrite/.jekyll-metadata.
           Cleaner: Removing /Users/hepting/Sites/hepting-website/dhhepting-rewrite/.jekyll-cache...
           Cleaner: Nothing to do for .sass-cache.
Configuration file: /Users/hepting/Sites/hepting-website/dhhepting-rewrite/_config.yml
            Source: /Users/hepting/Sites/hepting-website/dhhepting-rewrite
       Destination: /Users/hepting/Sites/hepting-website/dhhepting-rewrite/_site
 Incremental build: disabled. Enable with --incremental
      Generating... 
         offerings: indexed 3 offering(s); 36 directory(ies) missing offering.yml
         Semesters: validated and enriched 18 semester(s)
          meetings: CS-280/202610: 26 meetings
          meetings: CS-428/202610: 26 meetings
    offering-audit:  COURSE SEM CSV INDEX YML note ------------------------------------------------------------ CS-205 201910 yes — — only CSV CS-205 202010 yes — — only CSV CS-205 202110 yes — — only CSV CS-280 201910 yes — — only CSV CS-280 202010 yes — — only CSV CS-280 202110 yes — — only CSV CS-280 202210 yes — — only CSV CS-280 202410 yes — — only CSV CS-280 202610 yes yes yes CS-315 202630 — yes yes only INDEX+YML CS-315_733 202430 yes — — only CSV CS-315_733 202530 yes — — only CSV CS-405_805 202510 yes — — only CSV CS-428 202610 yes yes yes CS-428_730 202410 yes — — only CSV CS-428_828 201830 yes — — only CSV CS-428_828 201930 yes — — only CSV CS-428_828 202030 yes — — only CSV CS-428_828 202130 yes — — only CSV CS-428_828 202230 yes — — only CSV CS-499_900 201920 yes — — only CSV CS-499_900 202010 yes — — only CSV CS-499_900 202110 yes — — only CSV CS-499_900 202210 yes — — only CSV CS-499_900 202230 yes — — only CSV CS-730 202210 yes — — only CSV CS-733 202230 yes — — only CSV CS-733 202330 yes — — only CSV sabbatical 202310 yes — — only CSV ------------------------------------------------------------ INDEX tracks: the offering.yml files (per-offering nodes) — new source 
               ics: CS-280/202610: final-exam end defaulted to +3h (add final_exam.end for the exact time)
               ics: wrote teaching/CS-280/202610/meetings.ics
               ics: CS-315/202630: final-exam end defaulted to +3h (add final_exam.end for the exact time)
               ics: wrote teaching/CS-315/202630/meetings.ics
               ics: CS-428/202610: final-exam end defaulted to +3h (add final_exam.end for the exact time)
               ics: wrote teaching/CS-428/202610/meetings.ics
                    done in 30.845 seconds.
 Auto-regeneration: disabled. Use --watch to enable.
Generating listings under: /Users/hepting/Sites/hepting-website/dhhepting-rewrite/_site/teaching/CS-315/202630/code

  write  CS315/8E_Textbook_Code/02/shaders/index.html
  write  CS315/8E_Textbook_Code/02/index.html
  write  CS315/8E_Textbook_Code/03/index.html
  write  CS315/8E_Textbook_Code/04/index.html
  write  CS315/8E_Textbook_Code/05/index.html
  write  CS315/8E_Textbook_Code/06/index.html
  write  CS315/8E_Textbook_Code/07/index.html
  write  CS315/8E_Textbook_Code/08/index.html
  write  CS315/8E_Textbook_Code/09/index.html
  write  CS315/8E_Textbook_Code/10/index.html
  write  CS315/8E_Textbook_Code/11/index.html
  write  CS315/8E_Textbook_Code/Common/index.html
  write  CS315/8E_Textbook_Code/index.html
  write  CS315/Common/index.html
  write  CS315/Samples/ColourCube/shaders/index.html
  skip   CS315/Samples/ColourCube/  (has its own index)
  skip   CS315/Samples/SVG-Zoomer/  (has its own index)
  write  CS315/Samples/index.html
  write  CS315/css/index.html
  write  CS315/dist/ThreeJS/index.html
  write  CS315/dist/assets/index.html
  write  CS315/dist/index.html
  write  CS315/index.html
  write  ./index.html

Done. 22 listing(s) written, 2 dir(s) skipped (already had an index).
Running 3 checks (Images, Links, Scripts) in ["./_site"] on *.html files ...


Checking 1883 internal links
Checking internal link hashes in 647 files
Ran on 1377 files!


